Performing system checks...

May 23, 2026 - 14:25:43
Django version 5.2.14, using settings 'tossecheck_web.settings'
Starting development server at http://127.0.0.1:8001/
Quit the server with CTRL-BREAK.

WARNING: This is a development server. Do not use it in a production setting. Use a production WSGI or ASGI server instead.
For more information on production servers see: https://docs.djangoproject.com/en/5.2/howto/deployment/
Performing system checks...

May 23, 2026 - 14:28:34
Django version 5.2.14, using settings 'tossecheck_web.settings'
Starting development server at http://127.0.0.1:8001/
Quit the server with CTRL-BREAK.

WARNING: This is a development server. Do not use it in a production setting. Use a production WSGI or ASGI server instead.
For more information on production servers see: https://docs.djangoproject.com/en/5.2/howto/deployment/
Performing system checks...

May 23, 2026 - 14:28:46
Django version 5.2.14, using settings 'tossecheck_web.settings'
Starting development server at http://127.0.0.1:8001/
Quit the server with CTRL-BREAK.

WARNING: This is a development server. Do not use it in a production setting. Use a production WSGI or ASGI server instead.
For more information on production servers see: https://docs.djangoproject.com/en/5.2/howto/deployment/
Performing system checks...

May 23, 2026 - 14:37:10
Django version 5.2.14, using settings 'tossecheck_web.settings'
Starting development server at http://127.0.0.1:8001/
Quit the server with CTRL-BREAK.

WARNING: This is a development server. Do not use it in a production setting. Use a production WSGI or ASGI server instead.
For more information on production servers see: https://docs.djangoproject.com/en/5.2/howto/deployment/
Performing system checks...

May 23, 2026 - 14:37:36
Django version 5.2.14, using settings 'tossecheck_web.settings'
Starting development server at http://127.0.0.1:8001/
Quit the server with CTRL-BREAK.

WARNING: This is a development server. Do not use it in a production setting. Use a production WSGI or ASGI server instead.
For more information on production servers see: https://docs.djangoproject.com/en/5.2/howto/deployment/
Performing system checks...

May 23, 2026 - 14:37:40
Django version 5.2.14, using settings 'tossecheck_web.settings'
Starting development server at http://127.0.0.1:8001/
Quit the server with CTRL-BREAK.

WARNING: This is a development server. Do not use it in a production setting. Use a production WSGI or ASGI server instead.
For more information on production servers see: https://docs.djangoproject.com/en/5.2/howto/deployment/
Performing system checks...

May 23, 2026 - 14:37:44
Django version 5.2.14, using settings 'tossecheck_web.settings'
Starting development server at http://127.0.0.1:8001/
Quit the server with CTRL-BREAK.

WARNING: This is a development server. Do not use it in a production setting. Use a production WSGI or ASGI server instead.
For more information on production servers see: https://docs.djangoproject.com/en/5.2/howto/deployment/
Performing system checks...

May 23, 2026 - 14:37:50
Django version 5.2.14, using settings 'tossecheck_web.settings'
Starting development server at http://127.0.0.1:8001/
Quit the server with CTRL-BREAK.

WARNING: This is a development server. Do not use it in a production setting. Use a production WSGI or ASGI server instead.
For more information on production servers see: https://docs.djangoproject.com/en/5.2/howto/deployment/
Performing system checks...

May 23, 2026 - 14:37:54
Django version 5.2.14, using settings 'tossecheck_web.settings'
Starting development server at http://127.0.0.1:8001/
Quit the server with CTRL-BREAK.

WARNING: This is a development server. Do not use it in a production setting. Use a production WSGI or ASGI server instead.
For more information on production servers see: https://docs.djangoproject.com/en/5.2/howto/deployment/
Performing system checks...

May 23, 2026 - 14:37:57
Django version 5.2.14, using settings 'tossecheck_web.settings'
Starting development server at http://127.0.0.1:8001/
Quit the server with CTRL-BREAK.

WARNING: This is a development server. Do not use it in a production setting. Use a production WSGI or ASGI server instead.
For more information on production servers see: https://docs.djangoproject.com/en/5.2/howto/deployment/
Performing system checks...

May 23, 2026 - 14:38:07
Django version 5.2.14, using settings 'tossecheck_web.settings'
Starting development server at http://127.0.0.1:8001/
Quit the server with CTRL-BREAK.

WARNING: This is a development server. Do not use it in a production setting. Use a production WSGI or ASGI server instead.
For more information on production servers see: https://docs.djangoproject.com/en/5.2/howto/deployment/
Performing system checks...

May 23, 2026 - 14:38:12
Django version 5.2.14, using settings 'tossecheck_web.settings'
Starting development server at http://127.0.0.1:8001/
Quit the server with CTRL-BREAK.

WARNING: This is a development server. Do not use it in a production setting. Use a production WSGI or ASGI server instead.
For more information on production servers see: https://docs.djangoproject.com/en/5.2/howto/deployment/
