Watching for file changes with StatReloader
Watching for file changes with StatReloader
[22/Jun/2026 17:35:19] "GET /portal/preview/login/ HTTP/1.1" 200 2498
[22/Jun/2026 17:35:19,571] - Broken pipe from ('127.0.0.1', 50061)
[22/Jun/2026 17:35:43] "GET /portal/demo/ HTTP/1.1" 302 0
[22/Jun/2026 17:35:43] "GET /portal/login/ HTTP/1.1" 200 2498
[22/Jun/2026 17:35:44] "GET /static/portal/pets.css HTTP/1.1" 200 21753
[22/Jun/2026 17:35:44] "GET /static/portal/img/logo.png HTTP/1.1" 200 1418333
[22/Jun/2026 17:35:44] "GET /favicon.ico HTTP/1.1" 404 2509
[22/Jun/2026 17:35:57] "POST /portal/login/ HTTP/1.1" 302 0
[22/Jun/2026 17:35:57] "GET /portal/responsavel/ HTTP/1.1" 200 4732
[22/Jun/2026 17:35:57] "GET /static/portal/pets.js HTTP/1.1" 200 4531
[22/Jun/2026 17:36:08] "POST /portal/responsavel/ HTTP/1.1" 200 4066
[22/Jun/2026 17:36:10] "POST /portal/responsavel/ HTTP/1.1" 302 0
[22/Jun/2026 17:36:10] "GET /portal/pets/ HTTP/1.1" 200 6946
[22/Jun/2026 17:36:16] "GET /portal/responsavel/ HTTP/1.1" 200 4732
[22/Jun/2026 17:36:16] "GET /portal/responsavel/ HTTP/1.1" 200 4732
[22/Jun/2026 17:36:26] "GET /portal/responsavel/ HTTP/1.1" 200 4732
[22/Jun/2026 17:36:26] "GET /static/portal/pets.css HTTP/1.1" 304 0
[22/Jun/2026 17:36:36] "POST /portal/responsavel/ HTTP/1.1" 200 4066
[22/Jun/2026 17:36:36] "GET /static/portal/pets.js HTTP/1.1" 304 0
[22/Jun/2026 17:36:38] "POST /portal/responsavel/ HTTP/1.1" 302 0
[22/Jun/2026 17:36:38] "GET /portal/pets/ HTTP/1.1" 200 6946
[22/Jun/2026 17:36:40] "GET /portal/pets/11111111-1111-1111-1111-111111111111/ HTTP/1.1" 200 10035
[22/Jun/2026 17:36:48] "GET /portal/pets/11111111-1111-1111-1111-111111111111/ HTTP/1.1" 200 10035
